---
source: apollo-federation/src/connectors/validation/mod.rs
expression: result.errors
input_file: apollo-federation/src/connectors/validation/test_data/mapping_spread_missing_required_arg.graphql
---
[
    Message {
        code: InvalidSelection,
        message: "Spread `...User` is missing required argument `limit`.",
        locations: [
            13:18..13:27,
        ],
    },
]
